// Jest Snapshot v1, https://goo.gl/fbAQLP

exports[`<PathsList /> Should test PathsList component 1`] = `
ShallowWrapper {
  "length": 1,
  Symbol(enzyme.__root__): [Circular],
  Symbol(enzyme.__unrendered__): <PathsList
    dispatch={[Function]}
    header=""
    paths={Object {}}
    selectedPathId=""
    userId=""
/>,
  Symbol(enzyme.__renderer__): Object {
    "batchedUpdates": [Function],
    "getNode": [Function],
    "render": [Function],
    "simulateEvent": [Function],
    "unmount": [Function],
  },
  Symbol(enzyme.__node__): Object {
    "instance": null,
    "key": undefined,
    "nodeType": "class",
    "props": Object {
      "children": Array [
        <WithStyles(ListItem)
          onClick={[Function]}
          style={
                    Object {
                              "background": "rgba(0, 0, 0, 0.14)",
                            }
          }
>
          <WithStyles(ListItemText)
                    inset={true}
                    primary="Default path"
          />
          <Link
                    replace={false}
                    to="/paths/"
          >
                    <pure(OpenInNew) />
          </Link>
</WithStyles(ListItem)>,
        Array [],
      ],
      "component": "nav",
      "subheader": <WithStyles(ListSubheader)
        component="div"
/>,
    },
    "ref": null,
    "rendered": Array [
      Object {
        "instance": null,
        "key": undefined,
        "nodeType": "class",
        "props": Object {
          "children": Array [
            <WithStyles(ListItemText)
              inset={true}
              primary="Default path"
/>,
            <Link
              replace={false}
              to="/paths/"
>
              <pure(OpenInNew) />
</Link>,
          ],
          "onClick": [Function],
          "style": Object {
            "background": "rgba(0, 0, 0, 0.14)",
          },
        },
        "ref": null,
        "rendered": Array [
          Object {
            "instance": null,
            "key": undefined,
            "nodeType": "class",
            "props": Object {
              "inset": true,
              "primary": "Default path",
            },
            "ref": null,
            "rendered": null,
            "type": [Function],
          },
          Object {
            "instance": null,
            "key": undefined,
            "nodeType": "class",
            "props": Object {
              "children": <pure(OpenInNew) />,
              "replace": false,
              "to": "/paths/",
            },
            "ref": null,
            "rendered": Object {
              "instance": null,
              "key": undefined,
              "nodeType": "class",
              "props": Object {},
              "ref": null,
              "rendered": null,
              "type": [Function],
            },
            "type": [Function],
          },
        ],
        "type": [Function],
      },
    ],
    "type": [Function],
  },
  Symbol(enzyme.__nodes__): Array [
    Object {
      "instance": null,
      "key": undefined,
      "nodeType": "class",
      "props": Object {
        "children": Array [
          <WithStyles(ListItem)
            onClick={[Function]}
            style={
                        Object {
                                    "background": "rgba(0, 0, 0, 0.14)",
                                  }
            }
>
            <WithStyles(ListItemText)
                        inset={true}
                        primary="Default path"
            />
            <Link
                        replace={false}
                        to="/paths/"
            >
                        <pure(OpenInNew) />
            </Link>
</WithStyles(ListItem)>,
          Array [],
        ],
        "component": "nav",
        "subheader": <WithStyles(ListSubheader)
          component="div"
/>,
      },
      "ref": null,
      "rendered": Array [
        Object {
          "instance": null,
          "key": undefined,
          "nodeType": "class",
          "props": Object {
            "children": Array [
              <WithStyles(ListItemText)
                inset={true}
                primary="Default path"
/>,
              <Link
                replace={false}
                to="/paths/"
>
                <pure(OpenInNew) />
</Link>,
            ],
            "onClick": [Function],
            "style": Object {
              "background": "rgba(0, 0, 0, 0.14)",
            },
          },
          "ref": null,
          "rendered": Array [
            Object {
              "instance": null,
              "key": undefined,
              "nodeType": "class",
              "props": Object {
                "inset": true,
                "primary": "Default path",
              },
              "ref": null,
              "rendered": null,
              "type": [Function],
            },
            Object {
              "instance": null,
              "key": undefined,
              "nodeType": "class",
              "props": Object {
                "children": <pure(OpenInNew) />,
                "replace": false,
                "to": "/paths/",
              },
              "ref": null,
              "rendered": Object {
                "instance": null,
                "key": undefined,
                "nodeType": "class",
                "props": Object {},
                "ref": null,
                "rendered": null,
                "type": [Function],
              },
              "type": [Function],
            },
          ],
          "type": [Function],
        },
      ],
      "type": [Function],
    },
  ],
  Symbol(enzyme.__options__): Object {
    "adapter": ReactSixteenAdapter {
      "options": Object {
        "enableComponentDidUpdateOnSetState": true,
      },
    },
    "context": Object {},
  },
}
`;
