// Jest Snapshot v1, https://goo.gl/fbAQLP

exports[`<AssignmentsTable> should check snapshot 1`] = `
ShallowWrapper {
  Symbol(enzyme.__root__): [Circular],
  Symbol(enzyme.__unrendered__): <WithStyles(AssignmentsTable)
    dispatch={[Function]}
    isInstructor={false}
/>,
  Symbol(enzyme.__renderer__): Object {
    "batchedUpdates": [Function],
    "getNode": [Function],
    "render": [Function],
    "simulateEvent": [Function],
    "unmount": [Function],
  },
  Symbol(enzyme.__node__): Object {
    "instance": null,
    "key": undefined,
    "nodeType": "class",
    "props": Object {
      "classes": Object {
        "narrowCell": "AssignmentsTable-narrowCell-1",
        "noWrap": "AssignmentsTable-noWrap-2",
      },
      "dispatch": [Function],
      "isInstructor": false,
    },
    "ref": null,
    "rendered": null,
    "type": [Function],
  },
  Symbol(enzyme.__nodes__): Array [
    Object {
      "instance": null,
      "key": undefined,
      "nodeType": "class",
      "props": Object {
        "classes": Object {
          "narrowCell": "AssignmentsTable-narrowCell-1",
          "noWrap": "AssignmentsTable-noWrap-2",
        },
        "dispatch": [Function],
        "isInstructor": false,
      },
      "ref": null,
      "rendered": null,
      "type": [Function],
    },
  ],
  Symbol(enzyme.__options__): Object {
    "adapter": ReactSixteenAdapter {
      "options": Object {
        "enableComponentDidUpdateOnSetState": true,
        "lifecycles": Object {
          "componentDidUpdate": Object {
            "onSetState": true,
          },
          "getSnapshotBeforeUpdate": true,
        },
      },
    },
    "attachTo": undefined,
    "context": Object {},
    "hydrateIn": undefined,
  },
}
`;
