// Jest Snapshot v1, https://goo.gl/fbAQLP

exports[`<ActivityQuestion> should check snapshot 1`] = `
ShallowWrapper {
  "length": 1,
  Symbol(enzyme.__root__): [Circular],
  Symbol(enzyme.__unrendered__): <ActivityQuestion
    question="test"
    setAnswer={[Function]}
/>,
  Symbol(enzyme.__renderer__): Object {
    "batchedUpdates": [Function],
    "getNode": [Function],
    "render": [Function],
    "simulateEvent": [Function],
    "unmount": [Function],
  },
  Symbol(enzyme.__node__): Object {
    "instance": null,
    "key": undefined,
    "nodeType": "function",
    "props": Object {
      "defaultValue": undefined,
      "fullWidth": true,
      "label": undefined,
      "margin": "normal",
      "multiline": true,
      "onChange": [Function],
      "required": false,
      "select": false,
    },
    "ref": null,
    "rendered": null,
    "type": [Function],
  },
  Symbol(enzyme.__nodes__): Array [
    Object {
      "instance": null,
      "key": undefined,
      "nodeType": "function",
      "props": Object {
        "defaultValue": undefined,
        "fullWidth": true,
        "label": undefined,
        "margin": "normal",
        "multiline": true,
        "onChange": [Function],
        "required": false,
        "select": false,
      },
      "ref": null,
      "rendered": null,
      "type": [Function],
    },
  ],
  Symbol(enzyme.__options__): Object {
    "adapter": ReactSixteenAdapter {
      "options": Object {
        "enableComponentDidUpdateOnSetState": true,
      },
    },
    "context": Object {},
  },
}
`;
