// Jest Snapshot v1, https://goo.gl/fbAQLP

exports[`<Recommendations/> Should test Recommendations component 1`] = `
ShallowWrapper {
  "length": 1,
  Symbol(enzyme.__root__): [Circular],
  Symbol(enzyme.__unrendered__): <Recommendations
    recs={
        Array [
            Object {
              "feature": null,
              "featureType": null,
              "path": null,
              "problem": null,
              "video": null,
            },
          ]
    }
    title=""
/>,
  Symbol(enzyme.__renderer__): Object {
    "batchedUpdates": [Function],
    "getNode": [Function],
    "render": [Function],
    "simulateEvent": [Function],
    "unmount": [Function],
  },
  Symbol(enzyme.__node__): Object {
    "instance": null,
    "key": undefined,
    "nodeType": "function",
    "props": Object {
      "children": Array [
        <WithStyles(Typography)
          style={
                    Object {
                              "marginLeft": 4,
                            }
          }
          variant="headline"
/>,
        <WithStyles(Paper)
          style={
                    Object {
                              "marginBottom": 24,
                            }
          }
>
          <GridWrapper
                    container={true}
                    spacing={4}
          >
                    <GridWrapper
                              item={true}
                              sm={4}
                              xs={12}
                    >
                              <PathCard
                                        featured={true}
                                        title="Use the null null"
                                        video={null}
                              />
                    </GridWrapper>
                    <GridWrapper
                              item={true}
                              sm={8}
                              style={
                                        Object {
                                                  "display": "flex",
                                                  "flexWrap": "wrap",
                                                }
                              }
                              xs={12}
                    >
                              
                    </GridWrapper>
          </GridWrapper>
</WithStyles(Paper)>,
      ],
    },
    "ref": null,
    "rendered": Array [
      Object {
        "instance": null,
        "key": undefined,
        "nodeType": "class",
        "props": Object {
          "children": "",
          "style": Object {
            "marginLeft": 4,
          },
          "variant": "headline",
        },
        "ref": null,
        "rendered": "",
        "type": [Function],
      },
      Object {
        "instance": null,
        "key": undefined,
        "nodeType": "class",
        "props": Object {
          "children": <GridWrapper
            container={true}
            spacing={4}
>
            <GridWrapper
                        item={true}
                        sm={4}
                        xs={12}
            >
                        <PathCard
                                    featured={true}
                                    title="Use the null null"
                                    video={null}
                        />
            </GridWrapper>
            <GridWrapper
                        item={true}
                        sm={8}
                        style={
                                    Object {
                                                "display": "flex",
                                                "flexWrap": "wrap",
                                              }
                        }
                        xs={12}
            >
                        
            </GridWrapper>
</GridWrapper>,
          "style": Object {
            "marginBottom": 24,
          },
        },
        "ref": null,
        "rendered": Object {
          "instance": null,
          "key": undefined,
          "nodeType": "function",
          "props": Object {
            "children": Array [
              <GridWrapper
                item={true}
                sm={4}
                xs={12}
>
                <PathCard
                                featured={true}
                                title="Use the null null"
                                video={null}
                />
</GridWrapper>,
              <GridWrapper
                item={true}
                sm={8}
                style={
                                Object {
                                                "display": "flex",
                                                "flexWrap": "wrap",
                                              }
                }
                xs={12}
>
                
</GridWrapper>,
            ],
            "container": true,
            "spacing": 4,
          },
          "ref": null,
          "rendered": Array [
            Object {
              "instance": null,
              "key": undefined,
              "nodeType": "function",
              "props": Object {
                "children": <PathCard
                  featured={true}
                  title="Use the null null"
                  video={null}
/>,
                "item": true,
                "sm": 4,
                "xs": 12,
              },
              "ref": null,
              "rendered": Object {
                "instance": null,
                "key": undefined,
                "nodeType": "class",
                "props": Object {
                  "featured": true,
                  "title": "Use the null null",
                  "video": null,
                },
                "ref": null,
                "rendered": null,
                "type": [Function],
              },
              "type": [Function],
            },
            Object {
              "instance": null,
              "key": undefined,
              "nodeType": "function",
              "props": Object {
                "children": Array [],
                "item": true,
                "sm": 8,
                "style": Object {
                  "display": "flex",
                  "flexWrap": "wrap",
                },
                "xs": 12,
              },
              "ref": null,
              "rendered": Array [],
              "type": [Function],
            },
          ],
          "type": [Function],
        },
        "type": [Function],
      },
    ],
    "type": Symbol(react.fragment),
  },
  Symbol(enzyme.__nodes__): Array [
    Object {
      "instance": null,
      "key": undefined,
      "nodeType": "function",
      "props": Object {
        "children": Array [
          <WithStyles(Typography)
            style={
                        Object {
                                    "marginLeft": 4,
                                  }
            }
            variant="headline"
/>,
          <WithStyles(Paper)
            style={
                        Object {
                                    "marginBottom": 24,
                                  }
            }
>
            <GridWrapper
                        container={true}
                        spacing={4}
            >
                        <GridWrapper
                                    item={true}
                                    sm={4}
                                    xs={12}
                        >
                                    <PathCard
                                                featured={true}
                                                title="Use the null null"
                                                video={null}
                                    />
                        </GridWrapper>
                        <GridWrapper
                                    item={true}
                                    sm={8}
                                    style={
                                                Object {
                                                            "display": "flex",
                                                            "flexWrap": "wrap",
                                                          }
                                    }
                                    xs={12}
                        >
                                    
                        </GridWrapper>
            </GridWrapper>
</WithStyles(Paper)>,
        ],
      },
      "ref": null,
      "rendered": Array [
        Object {
          "instance": null,
          "key": undefined,
          "nodeType": "class",
          "props": Object {
            "children": "",
            "style": Object {
              "marginLeft": 4,
            },
            "variant": "headline",
          },
          "ref": null,
          "rendered": "",
          "type": [Function],
        },
        Object {
          "instance": null,
          "key": undefined,
          "nodeType": "class",
          "props": Object {
            "children": <GridWrapper
              container={true}
              spacing={4}
>
              <GridWrapper
                            item={true}
                            sm={4}
                            xs={12}
              >
                            <PathCard
                                          featured={true}
                                          title="Use the null null"
                                          video={null}
                            />
              </GridWrapper>
              <GridWrapper
                            item={true}
                            sm={8}
                            style={
                                          Object {
                                                        "display": "flex",
                                                        "flexWrap": "wrap",
                                                      }
                            }
                            xs={12}
              >
                            
              </GridWrapper>
</GridWrapper>,
            "style": Object {
              "marginBottom": 24,
            },
          },
          "ref": null,
          "rendered": Object {
            "instance": null,
            "key": undefined,
            "nodeType": "function",
            "props": Object {
              "children": Array [
                <GridWrapper
                  item={true}
                  sm={4}
                  xs={12}
>
                  <PathCard
                                    featured={true}
                                    title="Use the null null"
                                    video={null}
                  />
</GridWrapper>,
                <GridWrapper
                  item={true}
                  sm={8}
                  style={
                                    Object {
                                                      "display": "flex",
                                                      "flexWrap": "wrap",
                                                    }
                  }
                  xs={12}
>
                  
</GridWrapper>,
              ],
              "container": true,
              "spacing": 4,
            },
            "ref": null,
            "rendered": Array [
              Object {
                "instance": null,
                "key": undefined,
                "nodeType": "function",
                "props": Object {
                  "children": <PathCard
                    featured={true}
                    title="Use the null null"
                    video={null}
/>,
                  "item": true,
                  "sm": 4,
                  "xs": 12,
                },
                "ref": null,
                "rendered": Object {
                  "instance": null,
                  "key": undefined,
                  "nodeType": "class",
                  "props": Object {
                    "featured": true,
                    "title": "Use the null null",
                    "video": null,
                  },
                  "ref": null,
                  "rendered": null,
                  "type": [Function],
                },
                "type": [Function],
              },
              Object {
                "instance": null,
                "key": undefined,
                "nodeType": "function",
                "props": Object {
                  "children": Array [],
                  "item": true,
                  "sm": 8,
                  "style": Object {
                    "display": "flex",
                    "flexWrap": "wrap",
                  },
                  "xs": 12,
                },
                "ref": null,
                "rendered": Array [],
                "type": [Function],
              },
            ],
            "type": [Function],
          },
          "type": [Function],
        },
      ],
      "type": Symbol(react.fragment),
    },
  ],
  Symbol(enzyme.__options__): Object {
    "adapter": ReactSixteenAdapter {
      "options": Object {
        "enableComponentDidUpdateOnSetState": true,
      },
    },
    "context": Object {},
  },
}
`;
